[http://localhost/]

Dear John Smith,

Please, note that your 1 Reward Point at Main Website Store
[http://localhost/] will expire in 59 DAYS.

To use points login to your account
[http://localhost/customer/account/login/] and spend points
for new purchases. Thank you,
MAIN WEBSITE STORE

About Us [4]

Customer Service [5]

, ,