[http://localhost/]

Dear test,

John Smith invites you to visit Main Website Store
[http://localhost/rewards/referral/invite/id/1/]:

some message

About Us [3]

Customer Service [4]

, ,